Exit Code: null
STDOUT:
🚀 Server running at http://localhost:PORT
📁 Serving: dist/
STDERR: