Exit Code: 0
STDOUT:
Ono - Minimalist SSG Framework
Usage:
  ono <command> [options]
Commands:
  build [input]          Build JSX files to static HTML
                         input: file or directory (default: pages)
  watch [input]          Build and watch for changes
                         input: file or directory (default: pages)
  dev [input]            Build, watch, and serve with live reload
                         input: file or directory (default: pages)
  serve                  Serve built files (no building)
Options:
  --output <dir>         Output directory (default: dist)
  --port <number>        Server port (default: 3000)
  --help                 Show this help message
Examples:
  ono build              Build all pages in pages/ directory
  ono build pages/index.jsx   Build a single file
  ono dev                Start dev server with live reload
  ono dev --port 8080    Start dev server on port 8080
  ono serve              Serve built files from dist/
STDERR: