Exit Code: 1
STDOUT:
STDERR:
Unknown command: --version
Run "ono --help" for usage information