Exit Code: 1
STDOUT:
STDERR:
Error: ENOENT: no such file or directory, stat '/Users/hashrock/code/cursor/mini-jsx/test-tmp/non-existent.jsx'