Exit Code: 1
STDOUT:
STDERR:
Unknown command: unknown-command
Run "ono --help" for usage information