<div style="background-color: red; font-size: 16px; margin: 10px 20px">Styled content</div>