<div class="container" id="main" data-testid="test-element">
</div>