<article class="blog-post">
<header>
<h1>My First Post</h1>
<p class="author">By John Doe</p>
</header>
<div class="content">
<p>This is the first paragraph.</p>
<p>This is the second paragraph.</p>
</div>
</article>