<div class="container">
<h1>Title</h1>
<p>This is a paragraph with <strong>bold text</strong> and regular text.</p>
<ul>
<li>Item 1</li>
<li>Item 2</li>
<li>Item 3</li>
</ul>
</div>