<form class="contact-form" method="post">
<div class="form-group">
<label htmlFor="name">Name:</label>
<input type="text" id="name" name="name" required placeholder="Enter your name" />
</div>
<div class="form-group">
<label htmlFor="email">Email:</label>
<input type="email" id="email" name="email" required placeholder="Enter your email" />
</div>
<div class="form-group">
<label htmlFor="message">Message:</label>
<textarea id="message" name="message" rows="4" placeholder="Enter your message">
</textarea>
</div>
<button type="submit" class="btn btn-primary">Send Message</button>
</form>