const elem = h("div", { className: "test", id: "main" }, "Hello");