/* layer: preflights */
*,::before,::after{--un-rotate:0;--un-rotate-x:0;--un-rotate-y:0;--un-rotate-z:0;--un-scale-x:1;--un-scale-y:1;--un-scale-z:1;--un-skew-x:0;--un-skew-y:0;--un-translate-x:0;--un-translate-y:0;--un-translate-z:0;--un-pan-x: ;--un-pan-y: ;--un-pinch-zoom: ;--un-scroll-snap-strictness:proximity;--un-ordinal: ;--un-slashed-zero: ;--un-numeric-figure: ;--un-numeric-spacing: ;--un-numeric-fraction: ;--un-border-spacing-x:0;--un-border-spacing-y:0;--un-ring-offset-shadow:0 0 rgb(0 0 0 / 0);--un-ring-shadow:0 0 rgb(0 0 0 / 0);--un-shadow-inset: ;--un-shadow:0 0 rgb(0 0 0 / 0);--un-ring-inset: ;--un-ring-offset-width:0px;--un-ring-offset-color:#fff;--un-ring-width:0px;--un-ring-color:rgb(147 197 253 / 0.5);--un-blur: ;--un-brightness: ;--un-contrast: ;--un-drop-shadow: ;--un-grayscale: ;--un-hue-rotate: ;--un-invert: ;--un-saturate: ;--un-sepia: ;--un-backdrop-blur: ;--un-backdrop-brightness: ;--un-backdrop-contrast: ;--un-backdrop-grayscale: ;--un-backdrop-hue-rotate: ;--un-backdrop-invert: ;--un-backdrop-opacity: ;--un-backdrop-saturate: ;--un-backdrop-sepia: ;}::backdrop{--un-rotate:0;--un-rotate-x:0;--un-rotate-y:0;--un-rotate-z:0;--un-scale-x:1;--un-scale-y:1;--un-scale-z:1;--un-skew-x:0;--un-skew-y:0;--un-translate-x:0;--un-translate-y:0;--un-translate-z:0;--un-pan-x: ;--un-pan-y: ;--un-pinch-zoom: ;--un-scroll-snap-strictness:proximity;--un-ordinal: ;--un-slashed-zero: ;--un-numeric-figure: ;--un-numeric-spacing: ;--un-numeric-fraction: ;--un-border-spacing-x:0;--un-border-spacing-y:0;--un-ring-offset-shadow:0 0 rgb(0 0 0 / 0);--un-ring-shadow:0 0 rgb(0 0 0 / 0);--un-shadow-inset: ;--un-shadow:0 0 rgb(0 0 0 / 0);--un-ring-inset: ;--un-ring-offset-width:0px;--un-ring-offset-color:#fff;--un-ring-width:0px;--un-ring-color:rgb(147 197 253 / 0.5);--un-blur: ;--un-brightness: ;--un-contrast: ;--un-drop-shadow: ;--un-grayscale: ;--un-hue-rotate: ;--un-invert: ;--un-saturate: ;--un-sepia: ;--un-backdrop-blur: ;--un-backdrop-brightness: ;--un-backdrop-contrast: ;--un-backdrop-grayscale: ;--un-backdrop-hue-rotate: ;--un-backdrop-invert: ;--un-backdrop-opacity: ;--un-backdrop-saturate: ;--un-backdrop-sepia: ;}
/* layer: shortcuts */
.container{width:100%;}
@media (min-width: 640px){
.container{max-width:640px;}
}
@media (min-width: 768px){
.container{max-width:768px;}
}
@media (min-width: 1024px){
.container{max-width:1024px;}
}
@media (min-width: 1280px){
.container{max-width:1280px;}
}
@media (min-width: 1536px){
.container{max-width:1536px;}
}
/* layer: default */
.grid{display:grid;}
.col-span-2{grid-column:span 2/span 2;}
.grid-cols-3{grid-template-columns:repeat(3,minmax(0,1fr));}
.mx-auto{margin-left:auto;margin-right:auto;}
.w-1\/2{width:50%;}
.flex{display:flex;}
.items-center{align-items:center;}
.justify-between{justify-content:space-between;}
.gap-4{gap:1rem;}
.px-4{padding-left:1rem;padding-right:1rem;}