/* layer: preflights */
*,::before,::after{--un-rotate:0;--un-rotate-x:0;--un-rotate-y:0;--un-rotate-z:0;--un-scale-x:1;--un-scale-y:1;--un-scale-z:1;--un-skew-x:0;--un-skew-y:0;--un-translate-x:0;--un-translate-y:0;--un-translate-z:0;--un-pan-x: ;--un-pan-y: ;--un-pinch-zoom: ;--un-scroll-snap-strictness:proximity;--un-ordinal: ;--un-slashed-zero: ;--un-numeric-figure: ;--un-numeric-spacing: ;--un-numeric-fraction: ;--un-border-spacing-x:0;--un-border-spacing-y:0;--un-ring-offset-shadow:0 0 rgb(0 0 0 / 0);--un-ring-shadow:0 0 rgb(0 0 0 / 0);--un-shadow-inset: ;--un-shadow:0 0 rgb(0 0 0 / 0);--un-ring-inset: ;--un-ring-offset-width:0px;--un-ring-offset-color:#fff;--un-ring-width:0px;--un-ring-color:rgb(147 197 253 / 0.5);--un-blur: ;--un-brightness: ;--un-contrast: ;--un-drop-shadow: ;--un-grayscale: ;--un-hue-rotate: ;--un-invert: ;--un-saturate: ;--un-sepia: ;--un-backdrop-blur: ;--un-backdrop-brightness: ;--un-backdrop-contrast: ;--un-backdrop-grayscale: ;--un-backdrop-hue-rotate: ;--un-backdrop-invert: ;--un-backdrop-opacity: ;--un-backdrop-saturate: ;--un-backdrop-sepia: ;}::backdrop{--un-rotate:0;--un-rotate-x:0;--un-rotate-y:0;--un-rotate-z:0;--un-scale-x:1;--un-scale-y:1;--un-scale-z:1;--un-skew-x:0;--un-skew-y:0;--un-translate-x:0;--un-translate-y:0;--un-translate-z:0;--un-pan-x: ;--un-pan-y: ;--un-pinch-zoom: ;--un-scroll-snap-strictness:proximity;--un-ordinal: ;--un-slashed-zero: ;--un-numeric-figure: ;--un-numeric-spacing: ;--un-numeric-fraction: ;--un-border-spacing-x:0;--un-border-spacing-y:0;--un-ring-offset-shadow:0 0 rgb(0 0 0 / 0);--un-ring-shadow:0 0 rgb(0 0 0 / 0);--un-shadow-inset: ;--un-shadow:0 0 rgb(0 0 0 / 0);--un-ring-inset: ;--un-ring-offset-width:0px;--un-ring-offset-color:#fff;--un-ring-width:0px;--un-ring-color:rgb(147 197 253 / 0.5);--un-blur: ;--un-brightness: ;--un-contrast: ;--un-drop-shadow: ;--un-grayscale: ;--un-hue-rotate: ;--un-invert: ;--un-saturate: ;--un-sepia: ;--un-backdrop-blur: ;--un-backdrop-brightness: ;--un-backdrop-contrast: ;--un-backdrop-grayscale: ;--un-backdrop-hue-rotate: ;--un-backdrop-invert: ;--un-backdrop-opacity: ;--un-backdrop-saturate: ;--un-backdrop-sepia: ;}
/* layer: default */
.mx-2{margin-left:0.5rem;margin-right:0.5rem;}
.mx-auto{margin-left:auto;margin-right:auto;}
.mb-2{margin-bottom:0.5rem;}
.mb-4{margin-bottom:1rem;}
.mb-8{margin-bottom:2rem;}
.mt-12{margin-top:3rem;}
.mt-2{margin-top:0.5rem;}
.max-w-4xl{max-width:56rem;}
.flex{display:flex;}
.gap-2{gap:0.5rem;}
.space-y-8>:not([hidden])~:not([hidden]){--un-space-y-reverse:0;margin-top:calc(2rem * calc(1 - var(--un-space-y-reverse)));margin-bottom:calc(2rem * var(--un-space-y-reverse));}
.border-t{border-top-width:1px;}
.border-gray-200{--un-border-opacity:1;border-color:rgb(229 231 235 / var(--un-border-opacity));}
.rounded{border-radius:0.25rem;}
.rounded-lg{border-radius:0.5rem;}
.bg-blue-100{--un-bg-opacity:1;background-color:rgb(219 234 254 / var(--un-bg-opacity));}
.bg-green-100{--un-bg-opacity:1;background-color:rgb(220 252 231 / var(--un-bg-opacity));}
.bg-white{--un-bg-opacity:1;background-color:rgb(255 255 255 / var(--un-bg-opacity));}
.p-6{padding:1.5rem;}
.px-2{padding-left:0.5rem;padding-right:0.5rem;}
.px-4{padding-left:1rem;padding-right:1rem;}
.py-1{padding-top:0.25rem;padding-bottom:0.25rem;}
.py-8{padding-top:2rem;padding-bottom:2rem;}
.pt-8{padding-top:2rem;}
.text-center{text-align:center;}
.text-2xl{font-size:1.5rem;line-height:2rem;}
.text-4xl{font-size:2.25rem;line-height:2.5rem;}
.text-sm{font-size:0.875rem;line-height:1.25rem;}
.text-xs{font-size:0.75rem;line-height:1rem;}
.text-blue-700{--un-text-opacity:1;color:rgb(29 78 216 / var(--un-text-opacity));}
.text-gray-600{--un-text-opacity:1;color:rgb(75 85 99 / var(--un-text-opacity));}
.text-gray-900{--un-text-opacity:1;color:rgb(17 24 39 / var(--un-text-opacity));}
.text-green-700{--un-text-opacity:1;color:rgb(21 128 61 / var(--un-text-opacity));}
.hover\:text-blue-600:hover{--un-text-opacity:1;color:rgb(37 99 235 / var(--un-text-opacity));}
.font-bold{font-weight:700;}
.shadow-md{--un-shadow:var(--un-shadow-inset) 0 4px 6px -1px var(--un-shadow-color, rgb(0 0 0 / 0.1)),var(--un-shadow-inset) 0 2px 4px -2px var(--un-shadow-color, rgb(0 0 0 / 0.1));box-shadow:var(--un-ring-offset-shadow), var(--un-ring-shadow), var(--un-shadow);}