/* layer: preflights */
*,::before,::after{--un-rotate:0;--un-rotate-x:0;--un-rotate-y:0;--un-rotate-z:0;--un-scale-x:1;--un-scale-y:1;--un-scale-z:1;--un-skew-x:0;--un-skew-y:0;--un-translate-x:0;--un-translate-y:0;--un-translate-z:0;--un-pan-x: ;--un-pan-y: ;--un-pinch-zoom: ;--un-scroll-snap-strictness:proximity;--un-ordinal: ;--un-slashed-zero: ;--un-numeric-figure: ;--un-numeric-spacing: ;--un-numeric-fraction: ;--un-border-spacing-x:0;--un-border-spacing-y:0;--un-ring-offset-shadow:0 0 rgb(0 0 0 / 0);--un-ring-shadow:0 0 rgb(0 0 0 / 0);--un-shadow-inset: ;--un-shadow:0 0 rgb(0 0 0 / 0);--un-ring-inset: ;--un-ring-offset-width:0px;--un-ring-offset-color:#fff;--un-ring-width:0px;--un-ring-color:rgb(147 197 253 / 0.5);--un-blur: ;--un-brightness: ;--un-contrast: ;--un-drop-shadow: ;--un-grayscale: ;--un-hue-rotate: ;--un-invert: ;--un-saturate: ;--un-sepia: ;--un-backdrop-blur: ;--un-backdrop-brightness: ;--un-backdrop-contrast: ;--un-backdrop-grayscale: ;--un-backdrop-hue-rotate: ;--un-backdrop-invert: ;--un-backdrop-opacity: ;--un-backdrop-saturate: ;--un-backdrop-sepia: ;}::backdrop{--un-rotate:0;--un-rotate-x:0;--un-rotate-y:0;--un-rotate-z:0;--un-scale-x:1;--un-scale-y:1;--un-scale-z:1;--un-skew-x:0;--un-skew-y:0;--un-translate-x:0;--un-translate-y:0;--un-translate-z:0;--un-pan-x: ;--un-pan-y: ;--un-pinch-zoom: ;--un-scroll-snap-strictness:proximity;--un-ordinal: ;--un-slashed-zero: ;--un-numeric-figure: ;--un-numeric-spacing: ;--un-numeric-fraction: ;--un-border-spacing-x:0;--un-border-spacing-y:0;--un-ring-offset-shadow:0 0 rgb(0 0 0 / 0);--un-ring-shadow:0 0 rgb(0 0 0 / 0);--un-shadow-inset: ;--un-shadow:0 0 rgb(0 0 0 / 0);--un-ring-inset: ;--un-ring-offset-width:0px;--un-ring-offset-color:#fff;--un-ring-width:0px;--un-ring-color:rgb(147 197 253 / 0.5);--un-blur: ;--un-brightness: ;--un-contrast: ;--un-drop-shadow: ;--un-grayscale: ;--un-hue-rotate: ;--un-invert: ;--un-saturate: ;--un-sepia: ;--un-backdrop-blur: ;--un-backdrop-brightness: ;--un-backdrop-contrast: ;--un-backdrop-grayscale: ;--un-backdrop-hue-rotate: ;--un-backdrop-invert: ;--un-backdrop-opacity: ;--un-backdrop-saturate: ;--un-backdrop-sepia: ;}
/* layer: default */
.bg-black{--un-bg-opacity:1;background-color:rgb(0 0 0 / var(--un-bg-opacity));}
.bg-blue-500{--un-bg-opacity:1;background-color:rgb(59 130 246 / var(--un-bg-opacity));}
.hover\:bg-blue-700:hover{--un-bg-opacity:1;background-color:rgb(29 78 216 / var(--un-bg-opacity));}
.bg-opacity-50{--un-bg-opacity:0.5;}
.from-purple-400{--un-gradient-from-position:0%;--un-gradient-from:rgb(192 132 252 / var(--un-from-opacity, 1)) var(--un-gradient-from-position);--un-gradient-to-position:100%;--un-gradient-to:rgb(192 132 252 / 0) var(--un-gradient-to-position);--un-gradient-stops:var(--un-gradient-from), var(--un-gradient-to);}
.via-pink-500{--un-gradient-via-position:50%;--un-gradient-to:rgb(236 72 153 / 0);--un-gradient-stops:var(--un-gradient-from), rgb(236 72 153 / var(--un-via-opacity, 1)) var(--un-gradient-via-position), var(--un-gradient-to);}
.to-red-500{--un-gradient-to-position:100%;--un-gradient-to:rgb(239 68 68 / var(--un-to-opacity, 1)) var(--un-gradient-to-position);}
.bg-gradient-to-r{--un-gradient-shape:to right in oklch;--un-gradient:var(--un-gradient-shape), var(--un-gradient-stops);background-image:linear-gradient(var(--un-gradient));}
.text-green-200{--un-text-opacity:1;color:rgb(187 247 208 / var(--un-text-opacity));}
.text-white{--un-text-opacity:1;color:rgb(255 255 255 / var(--un-text-opacity));}
.text-yellow-300{--un-text-opacity:1;color:rgb(253 224 71 / var(--un-text-opacity));}